// Jest Snapshot v1, https://goo.gl/fbAQLP

exports[`app renders app 1`] = `
<View
  style={
    Object {
      "flex": 1,
    }
  }
>
  <View
    style={
      Object {
        "alignItems": "center",
        "backgroundColor": "black",
        "justifyContent": "center",
        "marginBottom": 10,
        "paddingTop": 20,
      }
    }
  >
    <Text
      accessible={true}
      allowFontScaling={true}
      ellipsizeMode="tail"
      style={
        Object {
          "color": "white",
          "fontSize": 18,
          "padding": 26,
        }
      }
    >
      - 33 Minutes -
    </Text>
  </View>
  <RCTScrollView
    style={
      Object {
        "flex": 1,
        "marginBottom": 100,
      }
    }
  >
    <View />
  </RCTScrollView>
  <View
    style={
      Object {
        "alignItems": "center",
        "height": 50,
        "opacity": 0,
      }
    }
  >
    <Text
      accessible={true}
      allowFontScaling={true}
      ellipsizeMode="tail"
      style={
        Object {
          "fontSize": 24,
        }
      }
    >
      1 second
    </Text>
  </View>
  <View
    style={
      Object {
        "borderTopWidth": 1,
        "marginTop": 10,
        "padding": 50,
      }
    }
  >
    <View
      accessibilityComponentType="button"
      accessibilityTraits={
        Array [
          "button",
        ]
      }
      accessible={true}
      isTVSelectable={true}
      onResponderGrant={[Function]}
      onResponderMove={[Function]}
      onResponderRelease={[Function]}
      onResponderTerminate={[Function]}
      onResponderTerminationRequest={[Function]}
      onStartShouldSetResponder={[Function]}
      style={
        Object {
          "opacity": 1,
        }
      }
    >
      <View
        style={
          Array [
            Object {},
          ]
        }
      >
        <Text
          accessible={true}
          allowFontScaling={true}
          ellipsizeMode="tail"
          style={
            Array [
              Object {
                "color": "#007AFF",
                "fontSize": 18,
                "padding": 8,
                "textAlign": "center",
              },
            ]
          }
        >
          Start Meeting
        </Text>
      </View>
    </View>
  </View>
</View>
`;
